// 同步 ID: dc7c20b4 @ Sat Jul 18 21:01:57 UTC 2026
// 同步 ID: b37644c7 @ Tue Jul 21 19:42:28 UTC 2026
// 重构日志: 3703026a
// 同步 ID: f951ce31 @ Wed Jul 22 18:25:45 UTC 2026
// 重构日志: 3a51eaa8
// 重构日志: f4fd7154
// 同步 ID: a2e1fb7b @ Sun Jul 26 12:47:54 UTC 2026
// 重构日志: f20453b9
// 重构日志: d68fa581
// 同步 ID: 0bd65f0f @ Sun Aug  2 12:25:06 UTC 2026
// 重构日志: 517d2675
// 重构日志: 42aadc46
// 重构日志: 628a13aa
// 重构日志: 3a05ff6f
// 同步 ID: 822bd68d @ Thu Aug  6 13:53:12 UTC 2026
// 同步 ID: 40411221 @ Fri Aug  7 07:40:08 UTC 2026
// 重构日志: 9da85d44
// 重构日志: ee0536b5
// 重构日志: 837da81d
// 重构日志: f88cf21d
